Analyzing brainboost_kids...                                    

  error - The name 'MatchHomeScreen' isn't a class - lib\app_router.dart:109:44 - creation_with_non_type
  error - The method 'MatchGameScreen' isn't defined for the type 'AppRouter' - lib\app_router.dart:116:18 - undefined_method
   info - Unnecessary braces in a string interpolation - lib\data\word_wizard_data.dart:219:27 - unnecessary_brace_in_string_interps
  error - The method 'Random' isn't defined for the type 'WordWizardProvider' - lib\providers\word_wizard_provider.dart:125:20 - undefined_method
   info - Statements in an if should be enclosed in a block - lib\providers\word_wizard_provider.dart:257:40 - curly_braces_in_flow_control_structures
   info - Statements in an if should be enclosed in a block - lib\providers\word_wizard_provider.dart:258:47 - curly_braces_in_flow_control_structures
   info - Statements in an if should be enclosed in a block - lib\providers\word_wizard_provider.dart:259:45 - curly_braces_in_flow_control_structures
  error - The method 'fredokaOne' isn't defined for the type 'GoogleFonts' - lib\screens\word_wizard_game_screen.dart:93:32 - undefined_method
  error - The method 'fredokaOne' isn't defined for the type 'GoogleFonts' - lib\screens\word_wizard_game_screen.dart:103:34 - undefined_method
   info - 'withOpacity' is deprecated and shouldn't be used. Use .withValues() to avoid precision loss - lib\screens\word_wizard_game_screen.dart:132:45 - deprecated_member_use
  error - The method 'fredokaOne' isn't defined for the type 'GoogleFonts' - lib\screens\word_wizard_game_screen.dart:140:30 - undefined_method
   info - 'withOpacity' is deprecated and shouldn't be used. Use .withValues() to avoid precision loss - lib\screens\word_wizard_game_screen.dart:156:50 - deprecated_member_use
   info - 'withOpacity' is deprecated and shouldn't be used. Use .withValues() to avoid precision loss - lib\screens\word_wizard_game_screen.dart:162:35 - deprecated_member_use
   info - 'withOpacity' is deprecated and shouldn't be used. Use .withValues() to avoid precision loss - lib\screens\word_wizard_game_screen.dart:178:52 - deprecated_member_use
   info - 'withOpacity' is deprecated and shouldn't be used. Use .withValues() to avoid precision loss - lib\screens\word_wizard_game_screen.dart:179:51 - deprecated_member_use
   info - 'withOpacity' is deprecated and shouldn't be used. Use .withValues() to avoid precision loss - lib\screens\word_wizard_game_screen.dart:210:61 - deprecated_member_use
   info - 'withOpacity' is deprecated and shouldn't be used. Use .withValues() to avoid precision loss - lib\screens\word_wizard_game_screen.dart:250:28 - deprecated_member_use
   info - 'withOpacity' is deprecated and shouldn't be used. Use .withValues() to avoid precision loss - lib\screens\word_wizard_game_screen.dart:252:28 - deprecated_member_use
   info - 'onWillAccept' is deprecated and shouldn't be used. Use onWillAcceptWithDetails instead. This callback is similar to onWillAcceptWithDetails but does not provide drag details. This feature was deprecated after v3.14.0-0.2.pre - lib\screens\word_wizard_game_screen.dart:300:13 - deprecated_member_use
   info - 'onAccept' is deprecated and shouldn't be used. Use onAcceptWithDetails instead. This callback is similar to onAcceptWithDetails but does not provide drag details. This feature was deprecated after v3.14.0-0.2.pre - lib\screens\word_wizard_game_screen.dart:305:13 - deprecated_member_use
  error - The method 'playCorrect' isn't defined for the type 'SoundService' - lib\screens\word_wizard_game_screen.dart:309:30 - undefined_method
  error - The method 'playWrong' isn't defined for the type 'SoundService' - lib\screens\word_wizard_game_screen.dart:311:30 - undefined_method
  error - The method 'fredokaOne' isn't defined for the type 'GoogleFonts' - lib\screens\word_wizard_game_screen.dart:336:34 - undefined_method
  error - The method 'fredokaOne' isn't defined for the type 'GoogleFonts' - lib\screens\word_wizard_game_screen.dart:367:30 - undefined_method
  error - The method 'playCorrect' isn't defined for the type 'SoundService' - lib\screens\word_wizard_game_screen.dart:391:32 - undefined_method
  error - The method 'playWrong' isn't defined for the type 'SoundService' - lib\screens\word_wizard_game_screen.dart:393:32 - undefined_method
   info - 'withOpacity' is deprecated and shouldn't be used. Use .withValues() to avoid precision loss - lib\screens\word_wizard_game_screen.dart:397:47 - deprecated_member_use
   info - 'withOpacity' is deprecated and shouldn't be used. Use .withValues() to avoid precision loss - lib\screens\word_wizard_game_screen.dart:402:56 - deprecated_member_use
   info - 'withOpacity' is deprecated and shouldn't be used. Use .withValues() to avoid precision loss - lib\screens\word_wizard_game_screen.dart:419:56 - deprecated_member_use
  error - The method 'fredokaOne' isn't defined for the type 'GoogleFonts' - lib\screens\word_wizard_game_screen.dart:425:40 - undefined_method
  error - The method 'fredokaOne' isn't defined for the type 'GoogleFonts' - lib\screens\word_wizard_game_screen.dart:470:32 - undefined_method
  error - The method 'fredokaOne' isn't defined for the type 'GoogleFonts' - lib\screens\word_wizard_game_screen.dart:475:32 - undefined_method
  error - The method 'fredokaOne' isn't defined for the type 'GoogleFonts' - lib\screens\word_wizard_game_screen.dart:497:36 - undefined_method
  error - The method 'fredokaOne' isn't defined for the type 'GoogleFonts' - lib\screens\word_wizard_home_screen.dart:110:40 - undefined_method
   info - 'withOpacity' is deprecated and shouldn't be used. Use .withValues() to avoid precision loss - lib\screens\word_wizard_home_screen.dart:137:22 - deprecated_member_use
   info - 'withOpacity' is deprecated and shouldn't be used. Use .withValues() to avoid precision loss - lib\screens\word_wizard_home_screen.dart:139:41 - deprecated_member_use
  error - The method 'fredokaOne' isn't defined for the type 'GoogleFonts' - lib\screens\word_wizard_home_screen.dart:143:28 - undefined_method
   info - 'withOpacity' is deprecated and shouldn't be used. Use .withValues() to avoid precision loss - lib\screens\word_wizard_home_screen.dart:160:33 - deprecated_member_use
  error - The method 'fredokaOne' isn't defined for the type 'GoogleFonts' - lib\screens\word_wizard_home_screen.dart:175:36 - undefined_method
  error - The method 'fredokaOne' isn't defined for the type 'GoogleFonts' - lib\screens\word_wizard_home_screen.dart:206:34 - undefined_method
  error - The method 'fredokaOne' isn't defined for the type 'GoogleFonts' - lib\screens\word_wizard_home_screen.dart:217:26 - undefined_method
   info - 'withOpacity' is deprecated and shouldn't be used. Use .withValues() to avoid precision loss - lib\screens\word_wizard_home_screen.dart:258:24 - deprecated_member_use
   info - 'withOpacity' is deprecated and shouldn't be used. Use .withValues() to avoid precision loss - lib\screens\word_wizard_home_screen.dart:260:43 - deprecated_member_use
  error - The method 'fredokaOne' isn't defined for the type 'GoogleFonts' - lib\screens\word_wizard_home_screen.dart:269:34 - undefined_method
   info - 'withOpacity' is deprecated and shouldn't be used. Use .withValues() to avoid precision loss - lib\screens\word_wizard_home_screen.dart:276:30 - deprecated_member_use
  error - The method 'fredokaOne' isn't defined for the type 'GoogleFonts' - lib\screens\word_wizard_home_screen.dart:304:30 - undefined_method
  error - The method 'fredokaOne' isn't defined for the type 'GoogleFonts' - lib\screens\word_wizard_home_screen.dart:323:44 - undefined_method
   info - 'withOpacity' is deprecated and shouldn't be used. Use .withValues() to avoid precision loss - lib\screens\word_wizard_home_screen.dart:398:24 - deprecated_member_use
   info - 'withOpacity' is deprecated and shouldn't be used. Use .withValues() to avoid precision loss - lib\screens\word_wizard_home_screen.dart:400:43 - deprecated_member_use
  error - The method 'fredokaOne' isn't defined for the type 'GoogleFonts' - lib\screens\word_wizard_home_screen.dart:412:40 - undefined_method
  error - The method 'fredokaOne' isn't defined for the type 'GoogleFonts' - lib\screens\word_wizard_result_screen.dart:51:40 - undefined_method
   info - 'withOpacity' is deprecated and shouldn't be used. Use .withValues() to avoid precision loss - lib\screens\word_wizard_result_screen.dart:95:29 - deprecated_member_use
   info - 'withOpacity' is deprecated and shouldn't be used. Use .withValues() to avoid precision loss - lib\screens\word_wizard_result_screen.dart:97:48 - deprecated_member_use
  error - The method 'fredokaOne' isn't defined for the type 'GoogleFonts' - lib\screens\word_wizard_result_screen.dart:121:32 - undefined_method
  error - The method 'fredokaOne' isn't defined for the type 'GoogleFonts' - lib\screens\word_wizard_result_screen.dart:125:32 - undefined_method
  error - The method 'fredokaOne' isn't defined for the type 'GoogleFonts' - lib\screens\word_wizard_result_screen.dart:150:34 - undefined_method
  error - The method 'fredokaOne' isn't defined for the type 'GoogleFonts' - lib\screens\word_wizard_result_screen.dart:159:32 - undefined_method
   info - 'withOpacity' is deprecated and shouldn't be used. Use .withValues() to avoid precision loss - lib\widgets\draggable_letter_widget.dart:39:26 - deprecated_member_use
  error - The method 'fredokaOne' isn't defined for the type 'GoogleFonts' - lib\widgets\draggable_letter_widget.dart:47:30 - undefined_method
   info - 'withOpacity' is deprecated and shouldn't be used. Use .withValues() to avoid precision loss - lib\widgets\fun_fact_popup_widget.dart:16:29 - deprecated_member_use
   info - 'withOpacity' is deprecated and shouldn't be used. Use .withValues() to avoid precision loss - lib\widgets\fun_fact_popup_widget.dart:20:33 - deprecated_member_use
  error - The method 'fredokaOne' isn't defined for the type 'GoogleFonts' - lib\widgets\fun_fact_popup_widget.dart:37:38 - undefined_method
   info - 'withOpacity' is deprecated and shouldn't be used. Use .withValues() to avoid precision loss - lib\widgets\letter_box_widget.dart:39:38 - deprecated_member_use
  error - The method 'fredokaOne' isn't defined for the type 'GoogleFonts' - lib\widgets\letter_box_widget.dart:49:30 - undefined_method
   info - 'withOpacity' is deprecated and shouldn't be used. Use .withValues() to avoid precision loss - lib\widgets\letter_box_widget.dart:61:53 - deprecated_member_use
   info - 'withOpacity' is deprecated and shouldn't be used. Use .withValues() to avoid precision loss - lib\widgets\letter_box_widget.dart:62:52 - deprecated_member_use
   info - 'withOpacity' is deprecated and shouldn't be used. Use .withValues() to avoid precision loss - lib\widgets\letter_box_widget.dart:63:39 - deprecated_member_use
   info - 'withOpacity' is deprecated and shouldn't be used. Use .withValues() to avoid precision loss - lib\widgets\letter_box_widget.dart:65:25 - deprecated_member_use
   info - 'withOpacity' is deprecated and shouldn't be used. Use .withValues() to avoid precision loss - lib\widgets\letter_box_widget.dart:72:40 - deprecated_member_use

